<html>
<body>
<pre>
<h1>µVision Build Log</h1>
<h2>Tool Versions:</h2>
IDE-Version: ¦ÌVision V5.35.0.0
Copyright (C) 2021 ARM Ltd and ARM Germany GmbH. All rights reserved.
License Information: Peixuan Han, SHNU, LIC=RC93N-YS108-DYVV3-AJGGW-DXARZ-N9UWC
 
Tool Versions:
Toolchain:       MDK-ARM Plus  Version: 5.35.0.2
Toolchain Path:  C:\Keil_v5\ARM\ARMCC\Bin
C Compiler:      Armcc.exe V5.06 update 7 (build 960)
Assembler:       Armasm.exe V5.06 update 7 (build 960)
Linker/Locator:  ArmLink.exe V5.06 update 7 (build 960)
Library Manager: ArmAr.exe V5.06 update 7 (build 960)
Hex Converter:   FromElf.exe V5.06 update 7 (build 960)
CPU DLL:         SARMCM3.DLL V5.35.0.2
Dialog DLL:      DCM.DLL V1.17.3.0
Target DLL:      CMSIS_AGDI.dll V1.33.0.0
Dialog DLL:      TCM.DLL V1.53.0.0
 
<h2>Project:</h2>
C:\Users\STRIX\Desktop\Ccar-Code\Car-Code\MiniCar103-v1.5.1\MDK-ARM\MiniCar103.uvprojx
Project File Date:  12/17/2025

<h2>Output:</h2>
*** Using Compiler 'V5.06 update 7 (build 960)', folder: 'C:\Keil_v5\ARM\ARMCC\Bin'
Build target 'MiniCar103'
compiling UsrTimer.c...
..\App\src\UsrTimer.c(112): warning:  #223-D: function "fabsf" declared implicitly
              if (fabsf(current_error) > DEAD_ZONE_THRESHOLD) {
..\App\src\UsrTimer.c(149): warning:  #223-D: function "fabsf" declared implicitly
              if (fabsf(avg_error) > DEAD_ZONE_THRESHOLD) {
..\App\src\UsrTimer.c(226): warning:  #223-D: function "fabsf" declared implicitly
              if (fabsf(current_error) > DEAD_ZONE_THRESHOLD) {
..\App\src\UsrTimer.c(244): warning:  #1-D: last line of file ends without a newline
  }
..\App\src\UsrTimer.c: 4 warnings, 0 errors
linking...
Program Size: Code=17052 RO-data=3336 RW-data=804 ZI-data=2468  
FromELF: creating hex file...
"MiniCar103\MiniCar103.axf" - 0 Error(s), 4 Warning(s).

<h2>Software Packages used:</h2>

Package Vendor: ARM
                http://www.keil.com/pack/ARM.CMSIS.5.8.0.pack
                ARM.CMSIS.5.8.0
                CMSIS (Common Microcontroller Software Interface Standard)
   * Component: CORE Version: 5.5.0

Package Vendor: Keil
                https://www.keil.com/pack/Keil.STM32F1xx_DFP.2.4.1.pack
                Keil.STM32F1xx_DFP.2.4.1
                STMicroelectronics STM32F1 Series Device Support, Drivers and Examples

<h2>Collection of Component include folders:</h2>
  .\RTE\_MiniCar103
  C:\Users\STRIX\AppData\Local\Arm\Packs\ARM\CMSIS\5.8.0\CMSIS\Core\Include
  C:\Users\STRIX\AppData\Local\Arm\Packs\Keil\STM32F1xx_DFP\2.4.1\Device\Include

<h2>Collection of Component Files used:</h2>

   * Component: ARM::CMSIS:CORE:5.5.0
      Include file:  CMSIS\Core\Include\tz_context.h
Build Time Elapsed:  00:00:01
</pre>
</body>
</html>
