[2025-12-17 14:37:04]	[info] incremental build: 30 source files changed
These source files will be recompiled
---
'c:\Users\STRIX\Desktop\MiniCar103-v1.5.1\MiniCar103-v1.5.1\App\src\TaskMain.c': object (.o) file not exist
'c:\Users\STRIX\Desktop\MiniCar103-v1.5.1\MiniCar103-v1.5.1\App\src\UsrTimer.c': object (.o) file not exist
'c:\Users\STRIX\Desktop\MiniCar103-v1.5.1\MiniCar103-v1.5.1\Bsp\src\Board.c': object (.o) file not exist
'c:\Users\STRIX\Desktop\MiniCar103-v1.5.1\MiniCar103-v1.5.1\Bsp\src\FIFO.c': object (.o) file not exist
'c:\Users\STRIX\Desktop\MiniCar103-v1.5.1\MiniCar103-v1.5.1\Bsp\src\Motor.c': object (.o) file not exist
'c:\Users\STRIX\Desktop\MiniCar103-v1.5.1\MiniCar103-v1.5.1\Bsp\src\adc_bat.c': object (.o) file not exist
'c:\Users\STRIX\Desktop\MiniCar103-v1.5.1\MiniCar103-v1.5.1\Bsp\src\oled\i2c_oled.c': object (.o) file not exist
'c:\Users\STRIX\Desktop\MiniCar103-v1.5.1\MiniCar103-v1.5.1\Bsp\src\oled\oled_api.c': object (.o) file not exist
'c:\Users\STRIX\Desktop\MiniCar103-v1.5.1\MiniCar103-v1.5.1\Bsp\src\uart.c': object (.o) file not exist
'c:\Users\STRIX\Desktop\MiniCar103-v1.5.1\MiniCar103-v1.5.1\Core\Src\main.c': object (.o) file not exist
'c:\Users\STRIX\Desktop\MiniCar103-v1.5.1\MiniCar103-v1.5.1\Core\Src\stm32f1xx_hal_msp.c': object (.o) file not exist
'c:\Users\STRIX\Desktop\MiniCar103-v1.5.1\MiniCar103-v1.5.1\Core\Src\stm32f1xx_it.c': object (.o) file not exist
'c:\Users\STRIX\Desktop\MiniCar103-v1.5.1\MiniCar103-v1.5.1\Core\Src\system_stm32f1xx.c': object (.o) file not exist
'c:\Users\STRIX\Desktop\MiniCar103-v1.5.1\MiniCar103-v1.5.1\Drivers\STM32F1xx_HAL_Driver\Src\stm32f1xx_hal.c': object (.o) file not exist
'c:\Users\STRIX\Desktop\MiniCar103-v1.5.1\MiniCar103-v1.5.1\Drivers\STM32F1xx_HAL_Driver\Src\stm32f1xx_hal_adc.c': object (.o) file not exist
'c:\Users\STRIX\Desktop\MiniCar103-v1.5.1\MiniCar103-v1.5.1\Drivers\STM32F1xx_HAL_Driver\Src\stm32f1xx_hal_adc_ex.c': object (.o) file not exist
'c:\Users\STRIX\Desktop\MiniCar103-v1.5.1\MiniCar103-v1.5.1\Drivers\STM32F1xx_HAL_Driver\Src\stm32f1xx_hal_cortex.c': object (.o) file not exist
'c:\Users\STRIX\Desktop\MiniCar103-v1.5.1\MiniCar103-v1.5.1\Drivers\STM32F1xx_HAL_Driver\Src\stm32f1xx_hal_dma.c': object (.o) file not exist
'c:\Users\STRIX\Desktop\MiniCar103-v1.5.1\MiniCar103-v1.5.1\Drivers\STM32F1xx_HAL_Driver\Src\stm32f1xx_hal_exti.c': object (.o) file not exist
'c:\Users\STRIX\Desktop\MiniCar103-v1.5.1\MiniCar103-v1.5.1\Drivers\STM32F1xx_HAL_Driver\Src\stm32f1xx_hal_flash.c': object (.o) file not exist
'c:\Users\STRIX\Desktop\MiniCar103-v1.5.1\MiniCar103-v1.5.1\Drivers\STM32F1xx_HAL_Driver\Src\stm32f1xx_hal_flash_ex.c': object (.o) file not exist
'c:\Users\STRIX\Desktop\MiniCar103-v1.5.1\MiniCar103-v1.5.1\Drivers\STM32F1xx_HAL_Driver\Src\stm32f1xx_hal_gpio.c': object (.o) file not exist
'c:\Users\STRIX\Desktop\MiniCar103-v1.5.1\MiniCar103-v1.5.1\Drivers\STM32F1xx_HAL_Driver\Src\stm32f1xx_hal_gpio_ex.c': object (.o) file not exist
'c:\Users\STRIX\Desktop\MiniCar103-v1.5.1\MiniCar103-v1.5.1\Drivers\STM32F1xx_HAL_Driver\Src\stm32f1xx_hal_pwr.c': object (.o) file not exist
'c:\Users\STRIX\Desktop\MiniCar103-v1.5.1\MiniCar103-v1.5.1\Drivers\STM32F1xx_HAL_Driver\Src\stm32f1xx_hal_rcc.c': object (.o) file not exist
'c:\Users\STRIX\Desktop\MiniCar103-v1.5.1\MiniCar103-v1.5.1\Drivers\STM32F1xx_HAL_Driver\Src\stm32f1xx_hal_rcc_ex.c': object (.o) file not exist
'c:\Users\STRIX\Desktop\MiniCar103-v1.5.1\MiniCar103-v1.5.1\Drivers\STM32F1xx_HAL_Driver\Src\stm32f1xx_hal_tim.c': object (.o) file not exist
'c:\Users\STRIX\Desktop\MiniCar103-v1.5.1\MiniCar103-v1.5.1\Drivers\STM32F1xx_HAL_Driver\Src\stm32f1xx_hal_tim_ex.c': object (.o) file not exist
'c:\Users\STRIX\Desktop\MiniCar103-v1.5.1\MiniCar103-v1.5.1\Drivers\STM32F1xx_HAL_Driver\Src\stm32f1xx_hal_uart.c': object (.o) file not exist
'c:\Users\STRIX\Desktop\MiniCar103-v1.5.1\MiniCar103-v1.5.1\MDK-ARM\startup_stm32f103xb.s': object (.o) file not exist

[2025-12-17 14:37:05]	[done]
	build successfully !

[2025-12-17 14:37:08]	[done]
	build successfully !

[2026-04-26 11:50:19]	[info] incremental build: 30 source files changed
These source files will be recompiled
---
'c:\Users\STRIX\Desktop\MiniCar\App\src\TaskMain.c': source file has been changed.
'c:\Users\STRIX\Desktop\MiniCar\App\src\UsrTimer.c': source file has been changed.
'c:\Users\STRIX\Desktop\MiniCar\Bsp\src\Board.c': compiler options has been changed.
'c:\Users\STRIX\Desktop\MiniCar\Bsp\src\FIFO.c': compiler options has been changed.
'c:\Users\STRIX\Desktop\MiniCar\Bsp\src\Motor.c': compiler options has been changed.
'c:\Users\STRIX\Desktop\MiniCar\Bsp\src\adc_bat.c': compiler options has been changed.
'c:\Users\STRIX\Desktop\MiniCar\Bsp\src\oled\i2c_oled.c': compiler options has been changed.
'c:\Users\STRIX\Desktop\MiniCar\Bsp\src\oled\oled_api.c': compiler options has been changed.
'c:\Users\STRIX\Desktop\MiniCar\Bsp\src\uart.c': compiler options has been changed.
'c:\Users\STRIX\Desktop\MiniCar\Core\Src\main.c': source file has been changed.
'c:\Users\STRIX\Desktop\MiniCar\Core\Src\stm32f1xx_hal_msp.c': compiler options has been changed.
'c:\Users\STRIX\Desktop\MiniCar\Core\Src\stm32f1xx_it.c': compiler options has been changed.
'c:\Users\STRIX\Desktop\MiniCar\Core\Src\system_stm32f1xx.c': compiler options has been changed.
'c:\Users\STRIX\Desktop\MiniCar\Drivers\STM32F1xx_HAL_Driver\Src\stm32f1xx_hal.c': compiler options has been changed.
'c:\Users\STRIX\Desktop\MiniCar\Drivers\STM32F1xx_HAL_Driver\Src\stm32f1xx_hal_adc.c': compiler options has been changed.
'c:\Users\STRIX\Desktop\MiniCar\Drivers\STM32F1xx_HAL_Driver\Src\stm32f1xx_hal_adc_ex.c': compiler options has been changed.
'c:\Users\STRIX\Desktop\MiniCar\Drivers\STM32F1xx_HAL_Driver\Src\stm32f1xx_hal_cortex.c': compiler options has been changed.
'c:\Users\STRIX\Desktop\MiniCar\Drivers\STM32F1xx_HAL_Driver\Src\stm32f1xx_hal_dma.c': compiler options has been changed.
'c:\Users\STRIX\Desktop\MiniCar\Drivers\STM32F1xx_HAL_Driver\Src\stm32f1xx_hal_exti.c': compiler options has been changed.
'c:\Users\STRIX\Desktop\MiniCar\Drivers\STM32F1xx_HAL_Driver\Src\stm32f1xx_hal_flash.c': compiler options has been changed.
'c:\Users\STRIX\Desktop\MiniCar\Drivers\STM32F1xx_HAL_Driver\Src\stm32f1xx_hal_flash_ex.c': compiler options has been changed.
'c:\Users\STRIX\Desktop\MiniCar\Drivers\STM32F1xx_HAL_Driver\Src\stm32f1xx_hal_gpio.c': compiler options has been changed.
'c:\Users\STRIX\Desktop\MiniCar\Drivers\STM32F1xx_HAL_Driver\Src\stm32f1xx_hal_gpio_ex.c': compiler options has been changed.
'c:\Users\STRIX\Desktop\MiniCar\Drivers\STM32F1xx_HAL_Driver\Src\stm32f1xx_hal_pwr.c': compiler options has been changed.
'c:\Users\STRIX\Desktop\MiniCar\Drivers\STM32F1xx_HAL_Driver\Src\stm32f1xx_hal_rcc.c': compiler options has been changed.
'c:\Users\STRIX\Desktop\MiniCar\Drivers\STM32F1xx_HAL_Driver\Src\stm32f1xx_hal_rcc_ex.c': compiler options has been changed.
'c:\Users\STRIX\Desktop\MiniCar\Drivers\STM32F1xx_HAL_Driver\Src\stm32f1xx_hal_tim.c': compiler options has been changed.
'c:\Users\STRIX\Desktop\MiniCar\Drivers\STM32F1xx_HAL_Driver\Src\stm32f1xx_hal_tim_ex.c': compiler options has been changed.
'c:\Users\STRIX\Desktop\MiniCar\Drivers\STM32F1xx_HAL_Driver\Src\stm32f1xx_hal_uart.c': compiler options has been changed.
'c:\Users\STRIX\Desktop\MiniCar\MDK-ARM\startup_stm32f103xb.s': compiler options has been changed.

[2026-04-26 11:50:20]	[done]
	build successfully !

[2026-04-27 12:06:22]	[info] incremental build: 6 source files changed
These source files will be recompiled
---
'c:\Users\STRIX\Desktop\MiniCar\App\src\TaskMain.c': source file has been changed.
'c:\Users\STRIX\Desktop\MiniCar\App\src\UsrTimer.c': dependence 'c:\Users\STRIX\Desktop\MiniCar\Bsp\inc\adc_bat.h' has been changed.
'c:\Users\STRIX\Desktop\MiniCar\Bsp\src\Board.c': dependence 'c:\Users\STRIX\Desktop\MiniCar\Bsp\inc\adc_bat.h' has been changed.
'c:\Users\STRIX\Desktop\MiniCar\Bsp\src\adc_bat.c': source file has been changed.
'c:\Users\STRIX\Desktop\MiniCar\Core\Src\main.c': dependence 'c:\Users\STRIX\Desktop\MiniCar\Bsp\inc\adc_bat.h' has been changed.
'c:\Users\STRIX\Desktop\MiniCar\Core\Src\stm32f1xx_it.c': dependence 'c:\Users\STRIX\Desktop\MiniCar\Bsp\inc\adc_bat.h' has been changed.

[2026-04-27 12:06:23]	[done]
	build successfully !

[2026-04-27 12:08:51]	[info] incremental build: 1 source files changed
These source files will be recompiled
---
'c:\Users\STRIX\Desktop\MiniCar\Core\Src\main.c': source file has been changed.

[2026-04-27 12:08:51]	link failed !, exit code: 1
   at unify_builder.Program.Main(String[] args_)
---
Error: L6218E: Undefined symbol buzzOFF (referred from main.o).
Error: L6218E: Undefined symbol buzzON (referred from main.o).
Not enough information to list image symbols.
Finished: 1 information, 0 warning and 2 error messages.


[2026-04-27 12:09:07]	[info] incremental build: 1 source files changed
These source files will be recompiled
---
'c:\Users\STRIX\Desktop\MiniCar\Core\Src\main.c': source file has been changed.

[2026-04-27 12:09:07]	[done]
	build successfully !

[2026-04-27 12:10:02]	[info] incremental build: 1 source files changed
These source files will be recompiled
---
'c:\Users\STRIX\Desktop\MiniCar\Bsp\src\uart.c': source file has been changed.

[2026-04-27 12:10:02]	[done]
	build successfully !

[2026-04-27 12:11:42]	[info] incremental build: 6 source files changed
These source files will be recompiled
---
'c:\Users\STRIX\Desktop\MiniCar\App\src\TaskMain.c': dependence 'c:\Users\STRIX\Desktop\MiniCar\Bsp\inc\uart.h' has been changed.
'c:\Users\STRIX\Desktop\MiniCar\App\src\UsrTimer.c': dependence 'c:\Users\STRIX\Desktop\MiniCar\Bsp\inc\uart.h' has been changed.
'c:\Users\STRIX\Desktop\MiniCar\Bsp\src\Board.c': dependence 'c:\Users\STRIX\Desktop\MiniCar\Bsp\inc\uart.h' has been changed.
'c:\Users\STRIX\Desktop\MiniCar\Bsp\src\uart.c': source file has been changed.
'c:\Users\STRIX\Desktop\MiniCar\Core\Src\main.c': dependence 'c:\Users\STRIX\Desktop\MiniCar\Bsp\inc\uart.h' has been changed.
'c:\Users\STRIX\Desktop\MiniCar\Core\Src\stm32f1xx_it.c': dependence 'c:\Users\STRIX\Desktop\MiniCar\Bsp\inc\uart.h' has been changed.

[2026-04-27 12:11:43]	[done]
	build successfully !

[2026-04-27 12:25:56]	[info] incremental build: 1 source files changed
These source files will be recompiled
---
'c:\Users\STRIX\Desktop\MiniCar\Bsp\src\Board.c': source file has been changed.

[2026-04-27 12:25:57]	[done]
	build successfully !

[2026-04-27 12:26:21]	[done]
	build successfully !

[2026-04-27 12:35:06]	[info] incremental build: 1 source files changed
These source files will be recompiled
---
'c:\Users\STRIX\Desktop\MiniCar\App\src\TaskMain.c': source file has been changed.

[2026-04-27 12:35:07]	[done]
	build successfully !

[2026-04-27 12:36:27]	[info] incremental build: 1 source files changed
These source files will be recompiled
---
'c:\Users\STRIX\Desktop\MiniCar\App\src\TaskMain.c': source file has been changed.

[2026-04-27 12:36:27]	[done]
	build successfully !

[2026-04-27 12:39:36]	[info] incremental build: 1 source files changed
These source files will be recompiled
---
'c:\Users\STRIX\Desktop\MiniCar\App\src\TaskMain.c': source file has been changed.

[2026-04-27 12:39:36]	[done]
	build successfully !

[2026-04-27 12:48:42]	[info] incremental build: 2 source files changed
These source files will be recompiled
---
'c:\Users\STRIX\Desktop\MiniCar\App\src\TaskMain.c': source file has been changed.
'c:\Users\STRIX\Desktop\MiniCar\Bsp\src\Board.c': source file has been changed.

[2026-04-27 12:48:42]	[done]
	build successfully !

[2026-04-27 12:52:41]	[info] incremental build: 4 source files changed
These source files will be recompiled
---
'c:\Users\STRIX\Desktop\MiniCar\App\src\TaskMain.c': source file has been changed.
'c:\Users\STRIX\Desktop\MiniCar\App\src\UsrTimer.c': source file has been changed.
'c:\Users\STRIX\Desktop\MiniCar\Bsp\src\Board.c': source file has been changed.
'c:\Users\STRIX\Desktop\MiniCar\Bsp\src\adc_bat.c': source file has been changed.

[2026-04-27 12:52:41]	[done]
	build successfully !

[2026-04-27 12:52:57]	[info] incremental build: 4 source files changed
These source files will be recompiled
---
'c:\Users\STRIX\Desktop\MiniCar\App\src\TaskMain.c': source file has been changed.
'c:\Users\STRIX\Desktop\MiniCar\App\src\UsrTimer.c': source file has been changed.
'c:\Users\STRIX\Desktop\MiniCar\Bsp\src\Board.c': source file has been changed.
'c:\Users\STRIX\Desktop\MiniCar\Bsp\src\adc_bat.c': source file has been changed.

[2026-04-27 12:52:58]	[done]
	build successfully !

[2026-04-27 12:53:56]	[done]
	build successfully !

[2026-04-27 12:57:26]	[info] incremental build: 1 source files changed
These source files will be recompiled
---
'c:\Users\STRIX\Desktop\MiniCar\App\src\TaskMain.c': source file has been changed.

[2026-04-27 12:57:26]	[done]
	build successfully !

[2026-04-27 13:04:52]	[info] incremental build: 3 source files changed
These source files will be recompiled
---
'c:\Users\STRIX\Desktop\MiniCar\App\src\TaskMain.c': source file has been changed.
'c:\Users\STRIX\Desktop\MiniCar\App\src\UsrTimer.c': source file has been changed.
'c:\Users\STRIX\Desktop\MiniCar\Bsp\src\adc_bat.c': source file has been changed.

[2026-04-27 13:04:53]	[done]
	build successfully !

[2026-04-27 13:07:02]	[done]
	build successfully !

[2026-04-27 13:09:17]	[info] incremental build: 1 source files changed
These source files will be recompiled
---
'c:\Users\STRIX\Desktop\MiniCar\App\src\TaskMain.c': source file has been changed.

[2026-04-27 13:09:18]	[done]
	build successfully !

[2026-05-07 15:18:16]	[done]
	build successfully !

[2026-05-07 15:51:38]	[done]
	build successfully !

[2026-05-09 11:51:36]	[done]
	build successfully !

[2026-05-09 11:52:00]	[info] incremental build: 1 source files changed
These source files will be recompiled
---
'c:\Users\STRIX\Desktop\MiniCar\App\src\UsrTimer.c': source file has been changed.

[2026-05-09 11:52:00]	[done]
	build successfully !

[2026-05-09 11:55:10]	[info] incremental build: 1 source files changed
These source files will be recompiled
---
'c:\Users\STRIX\Desktop\MiniCar\App\src\UsrTimer.c': source file has been changed.

[2026-05-09 11:55:10]	[done]
	build successfully !

[2026-05-09 11:56:17]	[info] incremental build: 1 source files changed
These source files will be recompiled
---
'c:\Users\STRIX\Desktop\MiniCar\App\src\UsrTimer.c': source file has been changed.

[2026-05-09 11:56:18]	[done]
	build successfully !

[2026-05-09 11:58:47]	[info] incremental build: 1 source files changed
These source files will be recompiled
---
'c:\Users\STRIX\Desktop\MiniCar\App\src\UsrTimer.c': source file has been changed.

[2026-05-09 11:58:48]	[done]
	build successfully !

[2026-05-09 11:59:54]	[info] incremental build: 1 source files changed
These source files will be recompiled
---
'c:\Users\STRIX\Desktop\MiniCar\App\src\UsrTimer.c': source file has been changed.

[2026-05-09 11:59:54]	[done]
	build successfully !

[2026-05-09 12:48:59]	[info] incremental build: 1 source files changed
These source files will be recompiled
---
'c:\Users\STRIX\Desktop\MiniCar\App\src\UsrTimer.c': source file has been changed.

[2026-05-09 12:48:59]	compilation failed at : "c:\Users\STRIX\Desktop\MiniCar\App\src\UsrTimer.c", exit code: 1
command: 
  "C:\Keil_v5\ARM\ARMCC\bin\armcc.exe" -c --apcs=interwork -ICore/Inc -IDrivers/STM32F1xx_HAL_Driver/Inc/Legacy -IDrivers/STM32F1xx_HAL_Driver/Inc -IDrivers/CMSIS/Device/ST/STM32F1xx/Include -IDrivers/CMSIS/Include -IApp/inc -IBsp/inc -IBsp/inc/oled -I.cmsis/include -IMDK-ARM/RTE/_MiniCar103 -D"USE_HAL_DRIVER" -D"STM32F103xB" --cpu Cortex-M3 --li --c99 -D__MICROLIB -O3 --split_sections --no-multibyte-chars -g -o .\build\MiniCar103\.obj\App\src\UsrTimer.o --no_depend_system_headers --depend .\build\MiniCar103\.obj\App\src\UsrTimer.d .\App\src\UsrTimer.c
   at unify_builder.Program.Main(String[] args_)
---
".\App\src\UsrTimer.c", line 178: Error:  #65: expected a ";"
      float correction = KP * error + KI * integral + KD * derivative + SPEED_COMPENSATION;
                                      ^
.\App\src\UsrTimer.c: 0 warnings, 1 error

[2026-05-09 12:49:27]	[info] incremental build: 1 source files changed
These source files will be recompiled
---
'c:\Users\STRIX\Desktop\MiniCar\App\src\UsrTimer.c': source file has been changed.

[2026-05-09 12:49:28]	[done]
	build successfully !

[2026-05-09 12:51:19]	[info] incremental build: 1 source files changed
These source files will be recompiled
---
'c:\Users\STRIX\Desktop\MiniCar\App\src\UsrTimer.c': source file has been changed.

[2026-05-09 12:51:19]	[done]
	build successfully !

[2026-05-09 12:53:14]	[info] incremental build: 1 source files changed
These source files will be recompiled
---
'c:\Users\STRIX\Desktop\MiniCar\App\src\UsrTimer.c': source file has been changed.

[2026-05-09 12:53:15]	[done]
	build successfully !

[2026-05-09 13:05:02]	[info] incremental build: 1 source files changed
These source files will be recompiled
---
'c:\Users\STRIX\Desktop\MiniCar\App\src\UsrTimer.c': source file has been changed.

[2026-05-09 13:05:03]	[done]
	build successfully !

[2026-05-09 13:28:08]	[info] incremental build: 4 source files changed
These source files will be recompiled
---
'c:\Users\STRIX\Desktop\MiniCar\App\src\TaskMain.c': source file has been changed.
'c:\Users\STRIX\Desktop\MiniCar\App\src\UsrTimer.c': source file has been changed.
'c:\Users\STRIX\Desktop\MiniCar\Bsp\src\oled\oled_api.c': source file has been changed.
'c:\Users\STRIX\Desktop\MiniCar\Core\Src\main.c': source file has been changed.

[2026-05-09 13:28:09]	[done]
	build successfully !

[2026-05-09 15:14:08]	[done]
	build successfully !

[2026-05-09 15:23:57]	[info] incremental build: 1 source files changed
These source files will be recompiled
---
'c:\Users\STRIX\Desktop\MiniCar\App\src\UsrTimer.c': source file has been changed.

[2026-05-09 15:23:57]	[done]
	build successfully !

[2026-05-11 16:03:15]	[info] incremental build: 1 source files changed
These source files will be recompiled
---
'd:\gitgitgit(magicbook)\MiniCar\App\src\UsrTimer.c': source file has been changed.

[2026-05-11 16:03:16]	[done]
	build successfully !

[2026-05-11 16:04:50]	[info] incremental build: 1 source files changed
These source files will be recompiled
---
'd:\gitgitgit(magicbook)\MiniCar\App\src\UsrTimer.c': source file has been changed.

[2026-05-11 16:04:51]	[done]
	build successfully !

[2026-05-11 16:06:53]	[info] incremental build: 1 source files changed
These source files will be recompiled
---
'd:\gitgitgit(magicbook)\MiniCar\App\src\UsrTimer.c': source file has been changed.

[2026-05-11 16:06:54]	[done]
	build successfully !

[2026-05-11 16:08:04]	[info] incremental build: 1 source files changed
These source files will be recompiled
---
'd:\gitgitgit(magicbook)\MiniCar\App\src\UsrTimer.c': source file has been changed.

[2026-05-11 16:08:05]	[done]
	build successfully !

[2026-05-11 16:08:55]	[info] incremental build: 1 source files changed
These source files will be recompiled
---
'd:\gitgitgit(magicbook)\MiniCar\App\src\UsrTimer.c': source file has been changed.

[2026-05-11 16:08:56]	[done]
	build successfully !

[2026-05-11 16:10:02]	[info] incremental build: 1 source files changed
These source files will be recompiled
---
'd:\gitgitgit(magicbook)\MiniCar\App\src\UsrTimer.c': source file has been changed.

[2026-05-11 16:10:03]	[done]
	build successfully !

[2026-05-11 16:55:46]	[info] incremental build: 1 source files changed
These source files will be recompiled
---
'd:\gitgitgit(magicbook)\MiniCar\App\src\UsrTimer.c': source file has been changed.

[2026-05-11 16:55:47]	[done]
	build successfully !

[2026-05-11 16:58:08]	[info] incremental build: 1 source files changed
These source files will be recompiled
---
'd:\gitgitgit(magicbook)\MiniCar\App\src\UsrTimer.c': source file has been changed.

[2026-05-11 16:58:09]	[done]
	build successfully !

[2026-05-11 16:59:41]	[info] incremental build: 1 source files changed
These source files will be recompiled
---
'd:\gitgitgit(magicbook)\MiniCar\App\src\UsrTimer.c': source file has been changed.

[2026-05-11 16:59:42]	[done]
	build successfully !

[2026-05-11 17:00:23]	[info] incremental build: 1 source files changed
These source files will be recompiled
---
'd:\gitgitgit(magicbook)\MiniCar\App\src\UsrTimer.c': source file has been changed.

[2026-05-11 17:00:24]	[done]
	build successfully !

[2026-05-11 17:03:49]	[info] incremental build: 1 source files changed
These source files will be recompiled
---
'd:\gitgitgit(magicbook)\MiniCar\App\src\UsrTimer.c': source file has been changed.

[2026-05-11 17:03:50]	[done]
	build successfully !

[2026-05-11 17:35:02]	[info] incremental build: 1 source files changed
These source files will be recompiled
---
'd:\gitgitgit(magicbook)\MiniCar\App\src\UsrTimer.c': source file has been changed.

[2026-05-11 17:35:03]	[done]
	build successfully !

[2026-05-11 17:37:30]	[info] incremental build: 1 source files changed
These source files will be recompiled
---
'd:\gitgitgit(magicbook)\MiniCar\App\src\UsrTimer.c': source file has been changed.

[2026-05-11 17:37:31]	[done]
	build successfully !

[2026-05-11 17:43:11]	[info] incremental build: 1 source files changed
These source files will be recompiled
---
'd:\gitgitgit(magicbook)\MiniCar\App\src\UsrTimer.c': source file has been changed.

[2026-05-11 17:43:12]	[done]
	build successfully !

[2026-05-11 17:45:12]	[info] incremental build: 1 source files changed
These source files will be recompiled
---
'd:\gitgitgit(magicbook)\MiniCar\App\src\UsrTimer.c': source file has been changed.

[2026-05-11 17:45:13]	[done]
	build successfully !

[2026-05-11 17:47:36]	[info] incremental build: 1 source files changed
These source files will be recompiled
---
'd:\gitgitgit(magicbook)\MiniCar\App\src\UsrTimer.c': source file has been changed.

[2026-05-11 17:47:37]	[done]
	build successfully !

[2026-05-11 18:01:16]	[info] incremental build: 1 source files changed
These source files will be recompiled
---
'd:\gitgitgit(magicbook)\MiniCar\App\src\UsrTimer.c': source file has been changed.

[2026-05-11 18:01:17]	[done]
	build successfully !

[2026-05-11 18:02:52]	[info] incremental build: 1 source files changed
These source files will be recompiled
---
'd:\gitgitgit(magicbook)\MiniCar\App\src\UsrTimer.c': source file has been changed.

[2026-05-11 18:02:53]	[done]
	build successfully !

[2026-05-11 19:58:37]	[info] incremental build: 1 source files changed
These source files will be recompiled
---
'd:\gitgitgit(magicbook)\MiniCar\App\src\UsrTimer.c': source file has been changed.

[2026-05-11 19:58:38]	[done]
	build successfully !

[2026-05-11 20:04:15]	[info] incremental build: 1 source files changed
These source files will be recompiled
---
'd:\gitgitgit(magicbook)\MiniCar\App\src\UsrTimer.c': source file has been changed.

[2026-05-11 20:04:16]	[done]
	build successfully !

[2026-05-11 20:05:22]	[info] incremental build: 1 source files changed
These source files will be recompiled
---
'd:\gitgitgit(magicbook)\MiniCar\App\src\UsrTimer.c': source file has been changed.

[2026-05-11 20:05:23]	[done]
	build successfully !

[2026-05-11 20:09:54]	[info] incremental build: 1 source files changed
These source files will be recompiled
---
'd:\gitgitgit(magicbook)\MiniCar\App\src\UsrTimer.c': source file has been changed.

[2026-05-11 20:09:55]	[done]
	build successfully !

[2026-05-11 20:11:55]	[info] incremental build: 1 source files changed
These source files will be recompiled
---
'd:\gitgitgit(magicbook)\MiniCar\App\src\UsrTimer.c': source file has been changed.

[2026-05-11 20:11:56]	[done]
	build successfully !

[2026-05-11 20:12:54]	[info] incremental build: 1 source files changed
These source files will be recompiled
---
'd:\gitgitgit(magicbook)\MiniCar\App\src\UsrTimer.c': source file has been changed.

[2026-05-11 20:12:55]	[done]
	build successfully !

[2026-05-11 20:13:36]	[info] incremental build: 1 source files changed
These source files will be recompiled
---
'd:\gitgitgit(magicbook)\MiniCar\App\src\UsrTimer.c': source file has been changed.

[2026-05-11 20:13:36]	[done]
	build successfully !

[2026-05-11 20:39:31]	[info] incremental build: 1 source files changed
These source files will be recompiled
---
'c:\Users\STRIX\Desktop\MiniCar\App\src\UsrTimer.c': source file has been changed.

[2026-05-11 20:39:32]	[done]
	build successfully !

[2026-05-11 20:48:03]	[info] incremental build: 1 source files changed
These source files will be recompiled
---
'c:\Users\STRIX\Desktop\MiniCar\App\src\UsrTimer.c': source file has been changed.

[2026-05-11 20:48:03]	[done]
	build successfully !

[2026-05-11 20:51:38]	[info] incremental build: 1 source files changed
These source files will be recompiled
---
'c:\Users\STRIX\Desktop\MiniCar\App\src\UsrTimer.c': source file has been changed.

[2026-05-11 20:51:39]	[done]
	build successfully !

[2026-05-11 20:59:30]	[info] incremental build: 1 source files changed
These source files will be recompiled
---
'c:\Users\STRIX\Desktop\MiniCar\App\src\UsrTimer.c': source file has been changed.

[2026-05-11 20:59:30]	[done]
	build successfully !

[2026-05-11 21:01:09]	[info] incremental build: 1 source files changed
These source files will be recompiled
---
'c:\Users\STRIX\Desktop\MiniCar\App\src\UsrTimer.c': source file has been changed.

[2026-05-11 21:01:09]	[done]
	build successfully !

[2026-05-11 21:02:22]	[info] incremental build: 1 source files changed
These source files will be recompiled
---
'c:\Users\STRIX\Desktop\MiniCar\App\src\UsrTimer.c': source file has been changed.

[2026-05-11 21:02:23]	[done]
	build successfully !

[2026-05-11 21:02:58]	[done]
	build successfully !

[2026-05-13 18:03:12]	[done]
	build successfully !

[2026-05-13 18:04:02]	[info] incremental build: 1 source files changed
These source files will be recompiled
---
'c:\Users\STRIX\Desktop\MiniCar\App\src\UsrTimer.c': source file has been changed.

[2026-05-13 18:04:04]	[done]
	build successfully !

[2026-05-13 18:05:38]	[info] incremental build: 1 source files changed
These source files will be recompiled
---
'c:\Users\STRIX\Desktop\MiniCar\App\src\UsrTimer.c': source file has been changed.

[2026-05-13 18:05:39]	[done]
	build successfully !

[2026-05-13 18:07:45]	[info] incremental build: 1 source files changed
These source files will be recompiled
---
'c:\Users\STRIX\Desktop\MiniCar\App\src\UsrTimer.c': source file has been changed.

[2026-05-13 18:07:46]	[done]
	build successfully !

[2026-05-13 18:12:21]	[info] incremental build: 1 source files changed
These source files will be recompiled
---
'c:\Users\STRIX\Desktop\MiniCar\App\src\UsrTimer.c': source file has been changed.

[2026-05-13 18:12:22]	[done]
	build successfully !

[2026-05-13 18:14:27]	[done]
	build successfully !

[2026-05-13 18:16:03]	[info] incremental build: 1 source files changed
These source files will be recompiled
---
'c:\Users\STRIX\Desktop\MiniCar\App\src\UsrTimer.c': source file has been changed.

[2026-05-13 18:16:04]	[done]
	build successfully !

[2026-05-13 18:17:09]	[info] incremental build: 1 source files changed
These source files will be recompiled
---
'c:\Users\STRIX\Desktop\MiniCar\App\src\UsrTimer.c': source file has been changed.

[2026-05-13 18:17:10]	[done]
	build successfully !

[2026-05-13 18:20:04]	[info] incremental build: 1 source files changed
These source files will be recompiled
---
'c:\Users\STRIX\Desktop\MiniCar\App\src\UsrTimer.c': source file has been changed.

[2026-05-13 18:20:05]	[done]
	build successfully !

[2026-05-13 19:04:10]	[info] incremental build: 1 source files changed
These source files will be recompiled
---
'd:\gitgitgit(magicbook)\MiniCar\App\src\UsrTimer.c': source file has been changed.

[2026-05-13 19:04:12]	[done]
	build successfully !

[2026-05-20 17:10:44]	[info] incremental build: 1 source files changed
These source files will be recompiled
---
'd:\gitgitgit(magicbook)\MiniCar\App\src\UsrTimer.c': source file has been changed.

[2026-05-20 17:10:45]	[done]
	build successfully !

[2026-05-20 17:13:24]	[info] incremental build: 1 source files changed
These source files will be recompiled
---
'd:\gitgitgit(magicbook)\MiniCar\App\src\UsrTimer.c': source file has been changed.

[2026-05-20 17:13:24]	[done]
	build successfully !

[2026-05-20 17:16:15]	[info] incremental build: 1 source files changed
These source files will be recompiled
---
'd:\gitgitgit(magicbook)\MiniCar\App\src\UsrTimer.c': source file has been changed.

[2026-05-20 17:16:16]	[done]
	build successfully !

[2026-05-20 17:16:28]	[done]
	build successfully !

